<?xml version="1.0" encoding="UTF-8"?>
<!DOCTYPE tmx SYSTEM "tmx14.dtd">
<tmx version="1.4">
    <header creationtool="linguist" creationtoolversion="TOOLVERSION" segtype="paragraph" o-encoding="UTF-8" adminlang="EN" srclang="EN" o-tmf="unknown" datatype="plaintext" />
    <body>
        <tu tuid="1">
            <tuv xml:lang="EN">
                <seg>这是 chinese chars. Here an other: 今</seg>
            </tuv>
            <tuv xml:lang="DE">
                <seg>这是 chinesische Zeichen. Hier ein anderes: 今</seg>
            </tuv>
        </tu>
        <tu tuid="2">
            <tuv xml:lang="EN">
                <seg>menu</seg>
            </tuv>
            <tuv xml:lang="DE">
                <seg>Menü</seg>
            </tuv>
        </tu>
        <tu tuid="3">
            <tuv xml:lang="EN">
                <seg>Part 1&lt;b&gt;Part 2&lt;/b&gt; &lt;u&gt;Part 3&lt;/u&gt;Part 4</seg>
            </tuv>
            <tuv xml:lang="DE">
                <seg>Teil 1&lt;u&gt;Teil 3&lt;/u&gt; &lt;b&gt;Teil 2&lt;/b&gt;Teil 4</seg>
            </tuv>
        </tu>
    </body>
</tmx>
